---
source: cubesql/src/compile/mod.rs
expression: logical_plan
---
Projection: #nullif(MultiTypeCube.dim_str0,Utf8("(none)"))
  Aggregate: groupBy=[[nullif(#MultiTypeCube.dim_str0, #MultiTypeCube.Utf8("(none)") AS Utf8("(none)"))]], aggr=[[]]
    CubeScan: request={
  "measures": [],
  "dimensions": [
    "MultiTypeCube.dim_str0"
  ],
  "segments": []
}
