---
source: cubesql/src/compile/mod.rs
expression: logical_plan
---
Projection: #datepart(Utf8("DOW"),MultiTypeCube.dim_date0)
  Aggregate: groupBy=[[datepart(Utf8("dow"), #MultiTypeCube.datepart(Utf8("DOW"),MultiTypeCube.dim_date0)) AS datepart(Utf8("DOW"),MultiTypeCube.dim_date0)]], aggr=[[]]
    CubeScan: request={
  "measures": [],
  "dimensions": [],
  "segments": [],
  "timeDimensions": [
    {
      "dimension": "MultiTypeCube.dim_date0",
      "granularity": "day"
    }
  ]
}
